../testdata/object_comp_dollar2:1:44-47 Indexed value is neither an array nor an object nor a string

{ [x]: { a: 1, b: if x == "a" then 42 else $.a.b + 1 } for x in ["a", "b", "c"] }


../testdata/object_comp_dollar2:1:44-49 Indexed value is neither an array nor an object nor a string

{ [x]: { a: 1, b: if x == "a" then 42 else $.a.b + 1 } for x in ["a", "b", "c"] }


