../testdata/object_local_self_super:1:72-75 Indexed value is neither an array nor an object nor a string

{ local x = self, y:: x, z: 42, foo: "xxx" } { local x = super.y, foo: x.z, bar: x.foo, baz: super.foo }


../testdata/object_local_self_super:1:82-87 Indexed value is neither an array nor an object nor a string

{ local x = self, y:: x, z: 42, foo: "xxx" } { local x = super.y, foo: x.z, bar: x.foo, baz: super.foo }


